[1482487109][tid=16804] FC2VR winmm proxy attached (pid=19652) - logger + winmm + probe + D3D9 hooks + stereo (F5 toggle, F6/F7 sep -/+, F8 eye mode, F9 rigid-view)
[1482487125][tid=35168] probe: Dunia.dll base=0x10000000, camera-global @ 0x1164FE7C (rva 0x0164FE7C)
[1482487125][tid=35168] probe: camera pointer is NULL / unreadable (not yet populated)
[1482487625][tid=22988] d3d9_hook: dummy device up; vtbl=0x052F3A9C Present=0x739D6120 SetVSConstF=0x73957420
[1482487687][tid=22988] minhook_glue: hook installed and enabled: IDirect3DDevice9::Present
[1482487734][tid=22988] minhook_glue: hook installed and enabled: IDirect3DDevice9::SetVertexShaderConstantF
[1482487734][tid=22988] d3d9_hook: hooks active — capturing VS constant registers (c0..c95)
[1482534843][tid=10160] d3d9: FIRST Present on device=0x0607C820 — real game device captured
[1482534843][tid=10160] d3d9: device focus HWND=0x000302E6 behaviorFlags=0x00000040
[1482534843][tid=10160] d3d9: backbuffer 1280x720 fmt=21 multisample=0
[1482534843][tid=10160] d3d9: Present frame #1 (device=0x0607C820)
[1482534890][tid=10160] d3d9: VS const matrix-block first seen at c0 (count=4 vec4)
[1482534890][tid=10160] stereo: PERSPECTIVE viewproj first seen at c0
[1482534890][tid=10160] d3d9: VS const matrix-block first seen at c4 (count=4 vec4)
[1482534890][tid=10160] stereo: PERSPECTIVE viewproj first seen at c4
[1482534890][tid=10160] d3d9: VS const matrix-block first seen at c8 (count=4 vec4)
[1482534890][tid=10160] stereo: PERSPECTIVE viewproj first seen at c8
[1482534890][tid=10160] d3d9: VS const matrix-block first seen at c12 (count=4 vec4)
[1482534890][tid=10160] d3d9: VS const matrix-block first seen at c16 (count=4 vec4)
[1482534890][tid=10160] d3d9: VS const matrix-block first seen at c20 (count=4 vec4)
[1482534890][tid=10160] d3d9: VS const matrix-block first seen at c24 (count=4 vec4)
[1482534890][tid=10160] stereo: PERSPECTIVE viewproj first seen at c24
[1482534890][tid=10160] d3d9: VS const matrix-block first seen at c28 (count=4 vec4)
[1482534890][tid=10160] d3d9: VS const matrix-block first seen at c32 (count=4 vec4)
[1482534890][tid=10160] d3d9: VS const matrix-block first seen at c36 (count=4 vec4)
[1482534890][tid=10160] d3d9: VS const matrix-block first seen at c71 (count=4 vec4)
[1482536984][tid=10160] d3d9: VS const matrix-block first seen at c128 (count=128 vec4)
[1482537734][tid=10160] d3d9: VS const c0-c3
[1482537734][tid=10160]         [    1.000     0.000     0.000     0.000]
[1482537734][tid=10160]         [    0.000    -0.000     1.000     0.000]
[1482537734][tid=10160]         [    0.000     1.000     0.000    -0.250]
[1482537734][tid=10160]         [    0.000     1.000     0.000     0.000]
[1482537734][tid=10160] d3d9: VS const c4-c7
[1482537734][tid=10160]         [    1.000     0.000     0.000     0.000]
[1482537734][tid=10160]         [    0.000    -0.000     1.000     0.000]
[1482537734][tid=10160]         [    0.000     1.000     0.000    -0.250]
[1482537734][tid=10160]         [    0.000     1.000     0.000     0.000]
[1482537734][tid=10160] d3d9: VS const c8-c11
[1482537734][tid=10160]         [    1.000     0.000     0.000     0.000]
[1482537734][tid=10160]         [    0.000     1.000     0.000     0.000]
[1482537734][tid=10160]         [    0.000     0.000    -1.000    -0.250]
[1482537734][tid=10160]         [    0.000     0.000    -1.000     0.000]
[1482537734][tid=10160] d3d9: VS const c12-c15
[1482537734][tid=10160]         [    1.000     0.000     0.000    -0.000]
[1482537734][tid=10160]         [    0.000    -0.000     1.000     0.000]
[1482537734][tid=10160]         [    0.000    -1.000    -0.000     0.000]
[1482537734][tid=10160]         [   -0.000     0.000     0.000     1.000]
[1482537734][tid=10160] d3d9: VS const c16-c19
[1482537734][tid=10160]         [    1.000    -0.000    -0.000    -0.000]
[1482537734][tid=10160]         [   -0.000     1.000    -0.000    -0.000]
[1482537734][tid=10160]         [   -0.000    -0.000    -0.000    -1.000]
[1482537734][tid=10160]         [   -0.000    -0.000    -3.999     4.000]
[1482537734][tid=10160] d3d9: VS const c20-c23
[1482537734][tid=10160]         [    1.000    -0.000    -0.000    -0.000]
[1482537734][tid=10160]         [   -0.000     1.000    -0.000    -0.000]
[1482537734][tid=10160]         [   -0.000    -0.000    -0.000    -0.001]
[1482537734][tid=10160]         [   -0.000    -0.000    -3.999     4.000]
[1482537750][tid=10160] d3d9: VS const c24-c27
[1482537750][tid=10160]         [    1.000     0.000     0.000     0.000]
[1482537750][tid=10160]         [    0.000    -0.000     1.000     0.000]
[1482537750][tid=10160]         [    0.000     1.000     0.000    -0.250]
[1482537750][tid=10160]         [    0.000     1.000     0.000     0.000]
[1482537750][tid=10160] d3d9: VS const c28-c31
[1482537750][tid=10160]         [    0.000     0.000     0.000     0.079]
[1482537750][tid=10160]         [    0.000     0.000     0.000    -0.091]
[1482537750][tid=10160]         [    0.000     0.000 11871242327144005632.000     0.094]
[1482537750][tid=10160]         [    0.000     0.000     2.087     0.109]
[1482537750][tid=10160] d3d9: VS const c32-c35
[1482537750][tid=10160]         [     -nan      -nan      -nan      -nan]
[1482537750][tid=10160]         [     -nan      -nan      -nan      -nan]
[1482537750][tid=10160]         [     -nan      -nan      -nan      -nan]
[1482537750][tid=10160]         [     -nan      -nan      -nan      -nan]
[1482537750][tid=10160] d3d9: VS const c36-c39
[1482537750][tid=10160]         [    1.000     0.000     0.000     0.000]
[1482537750][tid=10160]         [    0.000    -0.000    -1.000     0.000]
[1482537750][tid=10160]         [    0.000     1.000    -0.000     0.000]
[1482537750][tid=10160]         [    0.000     0.000     0.000     1.000]
[1482537750][tid=10160] d3d9: VS const c40-c43
[1482537750][tid=10160]         [    0.250  1024.000  1023.750     0.001]
[1482537750][tid=10160]         [    0.000     0.000     1.000    -0.000]
[1482537750][tid=10160]         [    0.000     0.000     0.000     0.000]
[1482537750][tid=10160]         [ 1280.000   720.000     0.001     0.001]
[1482537750][tid=10160] d3d9: VS const c44-c47
[1482537750][tid=10160]         [    1.000     1.000     1.000     0.000]
[1482537750][tid=10160]         [    0.000     0.000     0.000     1.200]
[1482537750][tid=10160]         [    0.000     1.000     0.000     0.000]
[1482537750][tid=10160]         [    0.000     0.000     0.000     0.000]
[1482537750][tid=10160] d3d9: VS const c48-c51
[1482537750][tid=10160]         [   -1.000     0.000     0.000     0.000]
[1482537750][tid=10160]         [    0.800     0.800     0.800     0.000]
[1482537750][tid=10160]         [    0.000     0.000     0.000     0.000]
[1482537750][tid=10160]         [    0.004    -0.091     0.700     0.000]
[1482537750][tid=10160] d3d9: VS const c52-c55
[1482537750][tid=10160]         [    0.003    -0.000     0.000     1.000]
[1482537750][tid=10160]         [    1.000     0.000    -0.000     0.000]
[1482537750][tid=10160]         [    0.000     0.000     1.000     0.000]
[1482537750][tid=10160]         [    0.500     0.500     0.707     0.433]
[1482537750][tid=10160] d3d9: VS const c56-c59
[1482537750][tid=10160]         [    1.000     0.004     0.000     0.000]
[1482537750][tid=10160]         [ 1023.750     3.999     0.016     0.000]
[1482537750][tid=10160]         [    1.000     0.000     0.000     0.000]
[1482537750][tid=10160]         [    0.000     0.000     0.000     0.000]
[1482537750][tid=10160] d3d9: VS const c60-c63
[1482537750][tid=10160]         [  500.000     0.001 -1000.000  1500.000]
[1482537750][tid=10160]         [    0.000     0.000     0.000     0.000]
[1482537750][tid=10160]         [    0.000     0.000     0.000     0.000]
[1482537750][tid=10160]         [    1.000     0.000     0.000     0.000]
[1482537750][tid=10160] d3d9: VS const c64-c67
[1482537750][tid=10160]         [    0.000     0.000     1.000     1.000]
[1482537750][tid=10160]         [    0.000     0.000     0.000     0.000]
[1482537750][tid=10160]         [    0.000     0.000     0.000     0.000]
[1482537750][tid=10160]         [    0.000     0.000     0.000     0.000]
[1482537750][tid=10160] d3d9: VS const c68-c71
[1482537750][tid=10160]         [    0.000     0.000     0.000     0.000]
[1482537750][tid=10160]         [    0.000     0.000     0.000     0.000]
[1482537750][tid=10160]         [    0.000     0.000     0.000     0.000]
[1482537750][tid=10160]         [    1.000    -1.000    -0.001     0.001]
[1482537750][tid=10160] d3d9: VS const c72-c75
[1482537750][tid=10160]         [    1.000     1.000     0.000     0.000]
[1482537750][tid=10160]         [    0.000     0.000     1.000     0.000]
[1482537750][tid=10160]         [    0.000     0.000     0.000     1.000]
[1482537750][tid=10160]         [    0.000     0.000     0.000     0.000]
[1482537750][tid=10160] d3d9: (11029 SetVertexShaderConstantF calls so far)
[1482544265][tid=10160] d3d9: Present frame #512 (device=0x0607C820)
[1482550750][tid=10160] stereo: frame 900 enabled=0 mode=wiggle sep=0.5000 | offset 0 persp / 0 rigid uploads since last report
[1482550750][tid=10160] stereo: last perspective viewproj at c24:
[1482550750][tid=10160]         [      1.0000       0.0000       0.0000       0.0000]
[1482550750][tid=10160]         [      0.0000      -0.0000       1.0000       0.0000]
[1482550750][tid=10160]         [      0.0000       1.0002       0.0000      -0.2501]
[1482550750][tid=10160]         [      0.0000       1.0000       0.0000       0.0000]
[1482550750][tid=10160] d3d9: VS const c0-c3
[1482550750][tid=10160]         [    1.000     0.000     0.000     0.000]
[1482550750][tid=10160]         [    0.000    -0.000     1.000     0.000]
[1482550750][tid=10160]         [    0.000     1.000     0.000    -0.250]
[1482550750][tid=10160]         [    0.000     1.000     0.000     0.000]
[1482550750][tid=10160] d3d9: VS const c4-c7
[1482550750][tid=10160]         [    1.000     0.000     0.000     0.000]
[1482550750][tid=10160]         [    0.000    -0.000     1.000     0.000]
[1482550750][tid=10160]         [    0.000     1.000     0.000    -0.250]
[1482550750][tid=10160]         [    0.000     1.000     0.000     0.000]
[1482550750][tid=10160] d3d9: VS const c8-c11
[1482550750][tid=10160]         [    1.000     0.000     0.000     0.000]
[1482550750][tid=10160]         [    0.000     1.000     0.000     0.000]
[1482550750][tid=10160]         [    0.000     0.000    -1.000    -0.250]
[1482550750][tid=10160]         [    0.000     0.000    -1.000     0.000]
[1482550750][tid=10160] d3d9: VS const c12-c15
[1482550750][tid=10160]         [    1.000     0.000     0.000    -0.000]
[1482550750][tid=10160]         [    0.000    -0.000     1.000     0.000]
[1482550750][tid=10160]         [    0.000    -1.000    -0.000     0.000]
[1482550750][tid=10160]         [   -0.000     0.000     0.000     1.000]
[1482550750][tid=10160] d3d9: VS const c16-c19
[1482550750][tid=10160]         [    1.000    -0.000    -0.000    -0.000]
[1482550750][tid=10160]         [   -0.000     1.000    -0.000    -0.000]
[1482550750][tid=10160]         [   -0.000    -0.000    -0.000    -1.000]
[1482550750][tid=10160]         [   -0.000    -0.000    -3.999     4.000]
[1482550750][tid=10160] d3d9: VS const c20-c23
[1482550750][tid=10160]         [    1.000    -0.000    -0.000    -0.000]
[1482550750][tid=10160]         [   -0.000     1.000    -0.000    -0.000]
[1482550750][tid=10160]         [   -0.000    -0.000    -0.000    -0.001]
[1482550750][tid=10160]         [   -0.000    -0.000    -3.999     4.000]
[1482550750][tid=10160] d3d9: VS const c24-c27
[1482550750][tid=10160]         [    1.000     0.000     0.000     0.000]
[1482550750][tid=10160]         [    0.000    -0.000     1.000     0.000]
[1482550750][tid=10160]         [    0.000     1.000     0.000    -0.250]
[1482550750][tid=10160]         [    0.000     1.000     0.000     0.000]
[1482550750][tid=10160] d3d9: VS const c28-c31
[1482550750][tid=10160]         [73352758605905920.000    -0.000     0.000    -0.053]
[1482550750][tid=10160]         [    0.000     0.000     0.000     0.108]
[1482550750][tid=10160]         [    0.000     0.000 73352758605905920.000    -0.064]
[1482550750][tid=10160]         [    0.000     0.000    17.697    -0.129]
[1482550750][tid=10160] d3d9: VS const c32-c35
[1482550750][tid=10160]         [     -nan      -nan      -nan      -nan]
[1482550750][tid=10160]         [     -nan      -nan      -nan      -nan]
[1482550750][tid=10160]         [     -nan      -nan      -nan      -nan]
[1482550750][tid=10160]         [     -nan      -nan      -nan      -nan]
[1482550750][tid=10160] d3d9: VS const c36-c39
[1482550750][tid=10160]         [    1.000     0.000     0.000     0.000]
[1482550750][tid=10160]         [    0.000    -0.000    -1.000     0.000]
[1482550750][tid=10160]         [    0.000     1.000    -0.000     0.000]
[1482550750][tid=10160]         [    0.000     0.000     0.000     1.000]
[1482550750][tid=10160] d3d9: VS const c40-c43
[1482550750][tid=10160]         [    0.250  1024.000  1023.750     0.001]
[1482550750][tid=10160]         [    0.000     0.000     1.000    -0.000]
[1482550750][tid=10160]         [    0.000     0.000     0.000     0.000]
[1482550750][tid=10160]         [ 1280.000   720.000     0.001     0.001]
[1482550750][tid=10160] d3d9: VS const c44-c47
[1482550750][tid=10160]         [    1.000     1.000     1.000     0.000]
[1482550750][tid=10160]         [    0.000     0.000     0.000     1.200]
[1482550750][tid=10160]         [    0.000     1.000     0.000     0.000]
[1482550750][tid=10160]         [    0.000     0.000     0.000     0.000]
[1482550750][tid=10160] d3d9: VS const c48-c51
[1482550750][tid=10160]         [   -1.000     0.000     0.000     0.000]
[1482550750][tid=10160]         [    0.800     0.800     0.800     0.000]
[1482550750][tid=10160]         [    0.000     0.000     0.000     0.000]
[1482550750][tid=10160]         [    0.004    -0.091     0.700     0.000]
[1482550750][tid=10160] d3d9: VS const c52-c55
[1482550750][tid=10160]         [    0.003    -0.000     0.000     1.000]
[1482550750][tid=10160]         [    1.000     0.000    -0.000     0.000]
[1482550750][tid=10160]         [    0.000     0.000     1.000     0.000]
[1482550750][tid=10160]         [    0.500     0.500     0.707     0.433]
[1482550750][tid=10160] d3d9: VS const c56-c59
[1482550750][tid=10160]         [    1.000     0.004     0.000     0.000]
[1482550750][tid=10160]         [ 1023.750     3.999     0.016     0.000]
[1482550750][tid=10160]         [    1.000     0.000     0.000     0.000]
[1482550750][tid=10160]         [    0.000     0.000     0.000     0.000]
[1482550750][tid=10160] d3d9: VS const c60-c63
[1482550750][tid=10160]         [  500.000     0.001 -1000.000  1500.000]
[1482550750][tid=10160]         [    0.000     0.000     0.000     0.000]
[1482550750][tid=10160]         [    0.000     0.000     0.000     0.000]
[1482550750][tid=10160]         [    1.000     0.000     0.000     0.000]
[1482550750][tid=10160] d3d9: VS const c64-c67
[1482550750][tid=10160]         [    0.000     0.000     1.000     1.000]
[1482550750][tid=10160]         [    0.000     0.000     0.000     0.000]
[1482550750][tid=10160]         [    0.000     0.000     0.000     0.000]
[1482550750][tid=10160]         [    0.000     0.000     0.000     0.000]
[1482550750][tid=10160] d3d9: VS const c68-c71
[1482550750][tid=10160]         [    0.000     0.000     0.000     0.000]
[1482550750][tid=10160]         [    0.000     0.000     0.000     0.000]
[1482550750][tid=10160]         [    0.000     0.000     0.000     0.000]
[1482550750][tid=10160]         [    1.000    -1.000    -0.001     0.001]
[1482550750][tid=10160] d3d9: VS const c72-c75
[1482550750][tid=10160]         [    1.000     1.000     0.000     0.000]
[1482550750][tid=10160]         [    0.000     0.000     1.000     0.000]
[1482550750][tid=10160]         [    0.000     0.000     0.000     1.000]
[1482550750][tid=10160]         [    0.000     0.000     0.000     0.000]
[1482550750][tid=10160] d3d9: (43554 SetVertexShaderConstantF calls so far)
[1482552843][tid=10160] d3d9: Present frame #1024 (device=0x0607C820)
[1482566546][tid=10160] d3d9: Present frame #1536 (device=0x0607C820)
[1482567343][tid=10160] d3d9: VS const matrix-block first seen at c75 (count=4 vec4)
[1482567390][tid=10160] stereo: PERSPECTIVE viewproj first seen at c75
[1482567390][tid=10160] d3d9: VS const matrix-block first seen at c87 (count=4 vec4)
[1482567390][tid=10160] d3d9: VS const matrix-block first seen at c83 (count=4 vec4)
[1482567453][tid=10160] stereo: PERSPECTIVE viewproj first seen at c28
[1482567484][tid=10160] stereo: PERSPECTIVE viewproj first seen at c71
[1482567578][tid=10160] d3d9: VS const matrix-block first seen at c101 (count=20 vec4)
[1482567578][tid=10160] d3d9: VS const matrix-block first seen at c121 (count=5 vec4)
[1482569156][tid=10160] stereo: PERSPECTIVE viewproj first seen at c87
[1482572187][tid=10160] stereo: frame 1800 enabled=0 mode=wiggle sep=0.5000 | offset 0 persp / 0 rigid uploads since last report
[1482572187][tid=10160] stereo: last perspective viewproj at c28:
[1482572187][tid=10160]         [     -0.8204      -0.0012       0.0498    1806.6406]
[1482572187][tid=10160]         [     -0.2333       0.3046       1.2024    -331.5158]
[1482572187][tid=10160]         [     -0.6058       0.7895       0.0991    -875.1931]
[1482572187][tid=10160]         [     -0.6057       0.7895       0.0991    -875.0055]
[1482572187][tid=10160] d3d9: >>> PROJECTION captured at c71 (upload-time):
[1482572187][tid=10160]         [    0.000     0.000     0.000     0.000]
[1482572187][tid=10160]         [    0.000     0.000     0.000     0.000]
[1482572187][tid=10160]         [    0.000     0.000     0.000     1.000]
[1482572187][tid=10160]         [    0.000     0.000     1.000     0.000]
[1482572187][tid=10160] d3d9: VS const c0-c3
[1482572187][tid=10160]         [    0.010    -0.021     0.000     0.000]
[1482572187][tid=10160]         [    0.018     0.009     0.007     0.000]
[1482572187][tid=10160]         [    0.001     0.001    -0.004    -0.004]
[1482572187][tid=10160]         [    0.000     0.000     0.000     1.000]
[1482572187][tid=10160] d3d9: VS const c4-c7
[1482572187][tid=10160]         [    0.010    -0.021     0.000    37.050]
[1482572187][tid=10160]         [    0.018     0.009     0.007   -62.839]
[1482572187][tid=10160]         [    0.001     0.001    -0.004    -3.198]
[1482572187][tid=10160]         [    0.000     0.000     0.000     1.000]
[1482572187][tid=10160] d3d9: VS const c8-c11
[1482572187][tid=10160]         [    0.023     0.000     0.000     0.000]
[1482572187][tid=10160]         [    0.000     0.021     0.000     0.000]
[1482572187][tid=10160]         [    0.000     0.000    -0.004    -0.004]
[1482572187][tid=10160]         [    0.000     0.000     0.000     1.000]
[1482572187][tid=10160] d3d9: VS const c12-c15
[1482572187][tid=10160]         [    0.447    -0.895     0.000  1590.352]
[1482572187][tid=10160]         [    0.841     0.420     0.342 -3017.403]
[1482572187][tid=10160]         [   -0.306    -0.153     0.940   817.632]
[1482572187][tid=10160]         [    0.000     0.000    -0.000     1.000]
[1482572187][tid=10160] d3d9: VS const c16-c19
[1482572187][tid=10160]         [   42.924    -0.000    -0.000    -0.000]
[1482572187][tid=10160]         [   -0.000    48.018    -0.000    -0.000]
[1482572187][tid=10160]         [   -0.000    -0.000  -256.000    -1.000]
[1482572187][tid=10160]         [   -0.000    -0.000    -0.000     1.000]
[1482572187][tid=10160] d3d9: VS const c20-c23
[1482572187][tid=10160]         [   42.924    -0.000    -0.000    -0.000]
[1482572187][tid=10160]         [   -0.000    48.018    -0.000    -0.000]
[1482572187][tid=10160]         [   -0.000    -0.000    -1.000    -0.004]
[1482572187][tid=10160]         [   -0.000    -0.000    -0.000     1.000]
[1482572187][tid=10160] d3d9: VS const c24-c27
[1482572187][tid=10160]         [63201125759115407130624.000 1099695711978423204796432384.000     0.000 70366744579429447499776.000]
[1482572187][tid=10160]         [    0.000 18970231847635395000687770206208.000 72250738531929399309887340544.000 1125868057386059235852288.000]
[1482572187][tid=10160]         [    0.000 4195418304869532958720.000 18395217705825662410948608.000     0.000]
[1482572187][tid=10160]         [    0.000     0.000 65373915122779033078218096640.000 3924422819840.000]
[1482572187][tid=10160] d3d9: VS const c28-c31
[1482572187][tid=10160]         [70975379047470805811200.000     0.056     0.000 4360453760355481343808765952.000]
[1482572187][tid=10160]         [10383.349 74452204697981811917546427869298688.000 272451434315079745536.000     0.000]
[1482572187][tid=10160]         [18060180598154808198097272832.000     0.000     0.171     0.000]
[1482572187][tid=10160]         [303380650116376403252986293256192.000 68925243129226574585499702297362432.000 12119197261777922349334528.000     0.000]
[1482572187][tid=10160] d3d9: VS const c32-c35
[1482572187][tid=10160]         [    0.447     0.895     0.000     0.000]
[1482572187][tid=10160]         [   -0.895     0.447     0.000     0.000]
[1482572187][tid=10160]         [    0.000     0.000     1.400     0.000]
[1482572187][tid=10160]         [    0.000     0.000     0.000     1.000]
[1482572187][tid=10160] d3d9: VS const c36-c39
[1482572187][tid=10160]         [    0.447     0.841    -0.306  2076.615]
[1482572187][tid=10160]         [   -0.895     0.420    -0.153  2814.356]
[1482572187][tid=10160]         [    0.000     0.342     0.940   263.690]
[1482572187][tid=10160]         [    0.000     0.000     0.000     1.000]
[1482572187][tid=10160] d3d9: VS const c40-c43
[1482572187][tid=10160]         [    1.000   257.000   256.000     0.004]
[1482572187][tid=10160]         [275545681556448080822272.000     0.000 18060180598154808198097272832.000     0.000]
[1482572187][tid=10160]         [    0.056     0.000     0.000 807605436416.000]
[1482572187][tid=10160]         [  512.000   512.000     0.002     0.002]
[1482572187][tid=10160] d3d9: VS const c44-c47
[1482572187][tid=10160]         [4360453760355481343808765952.000 170120784.000 4306410925060962385920.000 4435350197625888737545158656.000]
[1482572187][tid=10160]         [ 2076.615  2814.356   263.690     1.000]
[1482572187][tid=10160]         [    0.306     0.153    -0.940     0.000]
[1482572187][tid=10160]         [ 2144.000  2848.000    56.758     0.000]
[1482572187][tid=10160] d3d9: VS const c48-c51
[1482572187][tid=10160]         [17841139771612676250140672.000     0.000 198235726891493144523500945408.000 73983547330876090264149930541056.000]
[1482572187][tid=10160]         [18523599407626634374441598976.000     0.000     0.000     0.008]
[1482572187][tid=10160]         [274540031418830946304.000     0.000 1162840614043185781256749056.000 72249557940308681898583916544.000]
[1482572187][tid=10160]         [18523600588218255091852902400.000     0.057     0.000 1099582891691668397178748928.000]
[1482572187][tid=10160] d3d9: VS const c52-c55
[1482572187][tid=10160]         [303380650116376403252986293256192.000 68925243129226574585499702297362432.000 12119197261777922349334528.000     0.000]
[1482572187][tid=10160]         [    0.447    -0.895     0.000     0.000]
[1482572187][tid=10160]         [    0.841     0.420     0.342     0.000]
[1482572187][tid=10160]         [    2.000     2.000     2.828     1.732]
[1482572187][tid=10160] d3d9: VS const c56-c59
[1482572187][tid=10160]         [    1.000     0.004     0.000     0.000]
[1482572187][tid=10160]         [  256.000     1.000     0.004     0.000]
[1482572187][tid=10160]         [1099582891691668397178748928.000 72249586274507579116455198720.000     0.000     0.171]
[1482572187][tid=10160]         [    0.000     0.000     0.000     0.000]
[1482572187][tid=10160] d3d9: VS const c60-c63
[1482572187][tid=10160]         [    0.000     1.000    -0.000     0.000]
[1482572187][tid=10160]         [61319423486848676047804694528.000 17970888635347632128.000     0.000 18060180598154808198097272832.000]
[1482572187][tid=10160]         [-340282346638528859811704183484516925440.000 198235726891493144523500945408.000 73983547330876090264149930541056.000 18015654041000500856356864.000]
[1482572187][tid=10160]         [    0.000     0.000     0.008 18989602532156210964129120256.000]
[1482572187][tid=10160] d3d9: VS const c64-c67
[1482572187][tid=10160]         [12119197261777922349334528.000     0.000 12389741194859666554597933056.000     0.056]
[1482572187][tid=10160]         [    0.012     0.102     0.014    -0.123]
[1482572187][tid=10160]         [    0.016    -0.102     0.014    -0.123]
[1482572187][tid=10160]         [    1.028    26.392     0.000     0.000]
[1482572187][tid=10160] d3d9: VS const c68-c71
[1482572187][tid=10160]         [    0.333     1.000     0.000     1.000]
[1482572187][tid=10160]         [    0.333     1.000     0.000     2.000]
[1482572187][tid=10160]         [    0.125     0.000     0.000     0.000]
[1482572187][tid=10160]         [    1.000     2.000     4.000     8.000]
[1482572187][tid=10160] d3d9: VS const c72-c75
[1482572187][tid=10160]         [    0.000     0.000     0.000     0.000]
[1482572187][tid=10160]         [    0.000     0.000     0.000     0.000]
[1482572187][tid=10160]         [    1.000     0.000     0.000     0.000]
[1482572187][tid=10160]         [    1.000     0.000     0.000     0.000]
[1482572187][tid=10160] d3d9: VS const c76-c79
[1482572187][tid=10160]         [    0.000     0.000      -nan      -nan]
[1482572187][tid=10160]         [    0.000     0.000     0.000     0.000]
[1482572187][tid=10160]         [    1.000     0.000     0.003     0.000]
[1482572187][tid=10160]         [ 2112.000  2752.000    33.000    43.000]
[1482572187][tid=10160] d3d9: VS const c80-c83
[1482572187][tid=10160]         [    1.000     0.000     0.000     0.000]
[1482572187][tid=10160]         [    0.500     0.866    -0.500    25.000]
[1482572187][tid=10160]         [   -0.500     0.866     0.000    38.000]
[1482572187][tid=10160]         [   -1.000     0.000    -0.500     0.000]
[1482572187][tid=10160] d3d9: VS const c84-c87
[1482572187][tid=10160]         [   -0.500    -0.866     0.000     0.000]
[1482572187][tid=10160]         [    0.500    -0.866    -0.500     0.000]
[1482572187][tid=10160]         [    1.000     0.000     0.000     0.000]
[1482572187][tid=10160]         [    1.000     0.000     0.000     0.000]
[1482572187][tid=10160] d3d9: VS const c88-c91
[1482572187][tid=10160]         [    0.707     0.707    -0.293     0.000]
[1482572187][tid=10160]         [    0.000     1.000     0.000     0.000]
[1482572187][tid=10160]         [   -0.707     0.707    -0.293     0.000]
[1482572187][tid=10160]         [   -1.000     0.000     0.000     0.000]
[1482572187][tid=10160] d3d9: VS const c92-c95
[1482572187][tid=10160]         [   -0.707    -0.707    -0.293     0.000]
[1482572187][tid=10160]         [    0.000    -1.000     0.000     0.000]
[1482572187][tid=10160]         [    0.707    -0.707    -0.293     0.000]
[1482572187][tid=10160]         [    1.000     0.000     0.000     0.000]
[1482572187][tid=10160] d3d9: (957332 SetVertexShaderConstantF calls so far)
[1482572734][tid=10160] stereo: override ENABLED (mode=wiggle sep=0.5000)
[1482576453][tid=10160] d3d9: Present frame #2048 (device=0x0607C820)
[1482577593][tid=10160] stereo: override disabled (mode=wiggle sep=0.5000)
[1482578328][tid=10160] stereo: separation -> 0.3333
[1482580593][tid=10160] stereo: separation -> 0.5000
[1482581390][tid=10160] stereo: override ENABLED (mode=wiggle sep=0.5000)
[1482582203][tid=10160] stereo: separation -> 0.3333
[1482582781][tid=10160] stereo: separation -> 0.2222
[1482583156][tid=10160] stereo: separation -> 0.1481
[1482583328][tid=10160] stereo: separation -> 0.0988
[1482583468][tid=10160] stereo: separation -> 0.0658
[1482583609][tid=10160] stereo: separation -> 0.0439
[1482583906][tid=10160] stereo: separation -> 0.0293
[1482584093][tid=10160] stereo: separation -> 0.0195
[1482584250][tid=10160] stereo: separation -> 0.0130
[1482584609][tid=10160] stereo: separation -> 0.0087
[1482584890][tid=10160] stereo: separation -> 0.0058
[1482585156][tid=10160] stereo: separation -> 0.0039
[1482585234][tid=10160] d3d9: Present frame #2560 (device=0x0607C820)
[1482585546][tid=10160] stereo: separation -> 0.0026
[1482585968][tid=10160] stereo: separation -> 0.0017
[1482586953][tid=10160] stereo: separation -> 0.0026
[1482587375][tid=10160] stereo: separation -> 0.0039
[1482587578][tid=10160] stereo: frame 2700 enabled=1 mode=wiggle sep=0.0039 | offset 17407 persp / 0 rigid uploads since last report
[1482587578][tid=10160] stereo: last perspective viewproj at c28:
[1482587578][tid=10160]         [     -0.7196      -0.3881       0.0847    2666.7495]
[1482587578][tid=10160]         [     -0.2714       0.1241       1.2263     256.9144]
[1482587578][tid=10160]         [     -0.8970       0.4089       0.1686     829.1176]
[1482587578][tid=10160]         [     -0.8969       0.4089       0.1686     829.1346]
[1482587578][tid=10160] d3d9: >>> PROJECTION captured at c71 (upload-time):
[1482587578][tid=10160]         [    0.000     0.000     0.000     0.000]
[1482587578][tid=10160]         [    0.000     0.000     0.000     0.000]
[1482587578][tid=10160]         [    0.000     0.000     0.000     1.000]
[1482587578][tid=10160]         [    0.000     0.000     1.000     0.000]
[1482587578][tid=10160] d3d9: VS const c0-c3
[1482587578][tid=10160]         [    0.000     0.031     0.000     0.000]
[1482587578][tid=10160]         [   -0.031     0.000     0.000     0.000]
[1482587578][tid=10160]         [   -0.000     0.000    -0.001    -0.001]
[1482587578][tid=10160]         [    0.000     0.000     0.000     1.000]
[1482587578][tid=10160] d3d9: VS const c4-c7
[1482587578][tid=10160]         [    0.000     0.031     0.000   -89.002]
[1482587578][tid=10160]         [   -0.031     0.000     0.000    67.002]
[1482587578][tid=10160]         [   -0.000     0.000    -0.001     0.500]
[1482587578][tid=10160]         [    0.000     0.000     0.000     1.000]
[1482587578][tid=10160] d3d9: VS const c8-c11
[1482587578][tid=10160]         [    0.031     0.000     0.000     0.000]
[1482587578][tid=10160]         [    0.000     0.031     0.000     0.000]
[1482587578][tid=10160]         [    0.000     0.000    -0.001    -0.001]
[1482587578][tid=10160]         [    0.000     0.000     0.000     1.000]
[1482587578][tid=10160] d3d9: VS const c12-c15
[1482587578][tid=10160]         [    0.000     1.000     0.000 -2848.062]
[1482587578][tid=10160]         [   -1.000     0.000     0.000  2144.062]
[1482587578][tid=10160]         [    0.000     0.000     1.000 -1000.000]
[1482587578][tid=10160]         [    0.000     0.000     0.000     1.000]
[1482587578][tid=10160] d3d9: VS const c16-c19
[1482587578][tid=10160]         [   32.000    -0.000    -0.000    -0.000]
[1482587578][tid=10160]         [   -0.000    32.000    -0.000    -0.000]
[1482587578][tid=10160]         [   -0.000    -0.000 -2000.000    -1.000]
[1482587578][tid=10160]         [   -0.000    -0.000    -0.000     1.000]
[1482587578][tid=10160] d3d9: VS const c20-c23
[1482587578][tid=10160]         [   32.000    -0.000    -0.000    -0.000]
[1482587578][tid=10160]         [   -0.000    32.000    -0.000    -0.000]
[1482587578][tid=10160]         [   -0.000    -0.000    -1.000    -0.001]
[1482587578][tid=10160]         [   -0.000    -0.000    -0.000     1.000]
[1482587578][tid=10160] d3d9: VS const c24-c27
[1482587578][tid=10160]         [63201125759115407130624.000 1099695711978423204796432384.000     0.000 70366744579429447499776.000]
[1482587578][tid=10160]         [    0.000 18970231847635395000687770206208.000 72250738531929399309887340544.000 1125868057386059235852288.000]
[1482587578][tid=10160]         [    0.000 4195418304869532958720.000 18395217705825662410948608.000     0.000]
[1482587578][tid=10160]         [    0.000     0.000 65373915122779033078218096640.000 3924422819840.000]
[1482587578][tid=10160] d3d9: VS const c28-c31
[1482587578][tid=10160]         [70975379047470805811200.000     0.056     0.000 4360453760355481343808765952.000]
[1482587578][tid=10160]         [10383.349 74452204697981811917546427869298688.000 272451434315079745536.000     0.000]
[1482587578][tid=10160]         [18060180598154808198097272832.000     0.000     0.171     0.000]
[1482587578][tid=10160]         [303380650116376403252986293256192.000 68925243129226574585499702297362432.000 12119197261777922349334528.000     0.000]
[1482587578][tid=10160] d3d9: VS const c32-c35
[1482587578][tid=10160]         [-nan(ind) -nan(ind) -nan(ind) -nan(ind)]
[1482587578][tid=10160]         [-nan(ind) -nan(ind) -nan(ind) -nan(ind)]
[1482587578][tid=10160]         [-nan(ind) -nan(ind) -nan(ind) -nan(ind)]
[1482587578][tid=10160]         [    0.000     0.000     0.000     1.000]
[1482587578][tid=10160] d3d9: VS const c36-c39
[1482587578][tid=10160]         [    0.000    -1.000     0.000  2144.062]
[1482587578][tid=10160]         [    1.000     0.000     0.000  2848.062]
[1482587578][tid=10160]         [    0.000     0.000     1.000  1000.000]
[1482587578][tid=10160]         [    0.000     0.000     0.000     1.000]
[1482587578][tid=10160] d3d9: VS const c40-c43
[1482587578][tid=10160]         [    1.000  2001.000  2000.000     0.001]
[1482587578][tid=10160]         [275545681556448080822272.000     0.000 18060180598154808198097272832.000     0.000]
[1482587578][tid=10160]         [    0.056     0.000     0.000 807605436416.000]
[1482587578][tid=10160]         [  512.000   512.000     0.002     0.002]
[1482587578][tid=10160] d3d9: VS const c44-c47
[1482587578][tid=10160]         [4360453760355481343808765952.000 170120784.000 4306410925060962385920.000 4435350197625888737545158656.000]
[1482587578][tid=10160]         [ 2144.062  2848.062  1000.000     1.000]
[1482587578][tid=10160]         [    0.000     0.000    -1.000     0.000]
[1482587578][tid=10160]         [ 2144.062  2848.062    56.758     0.000]
[1482587578][tid=10160] d3d9: VS const c48-c51
[1482587578][tid=10160]         [17841139771612676250140672.000     0.000 198235726891493144523500945408.000 73983547330876090264149930541056.000]
[1482587578][tid=10160]         [18523599407626634374441598976.000     0.000     0.000     0.008]
[1482587578][tid=10160]         [274540031418830946304.000     0.000 1162840614043185781256749056.000 72249557940308681898583916544.000]
[1482587578][tid=10160]         [18523600588218255091852902400.000     0.057     0.000 1099582891691668397178748928.000]
[1482587578][tid=10160] d3d9: VS const c52-c55
[1482587578][tid=10160]         [303380650116376403252986293256192.000 68925243129226574585499702297362432.000 12119197261777922349334528.000     0.000]
[1482587578][tid=10160]         [    0.000     1.000     0.000     0.000]
[1482587578][tid=10160]         [   -1.000     0.000     0.000     0.000]
[1482587578][tid=10160]         [    2.000     2.000     2.828     1.732]
[1482587578][tid=10160] d3d9: VS const c56-c59
[1482587578][tid=10160]         [    1.000     0.004     0.000     0.000]
[1482587578][tid=10160]         [ 2000.000     7.812     0.031     0.000]
[1482587578][tid=10160]         [1099582891691668397178748928.000 72249586274507579116455198720.000     0.000     0.171]
[1482587578][tid=10160]         [    0.000     0.000     0.000     0.000]
[1482587578][tid=10160] d3d9: VS const c60-c63
[1482587578][tid=10160]         [    0.000     1.000    -0.000     0.000]
[1482587578][tid=10160]         [61319423486848676047804694528.000 17970888635347632128.000     0.000 18060180598154808198097272832.000]
[1482587578][tid=10160]         [-340282346638528859811704183484516925440.000 198235726891493144523500945408.000 73983547330876090264149930541056.000 18015654041000500856356864.000]
[1482587578][tid=10160]         [    0.000     0.000     0.008 18989602532156210964129120256.000]
[1482587578][tid=10160] d3d9: VS const c64-c67
[1482587578][tid=10160]         [12119197261777922349334528.000     0.000 12389741194859666554597933056.000     0.056]
[1482587578][tid=10160]         [   -0.031    -0.098    -0.037     0.118]
[1482587578][tid=10160]         [   -0.003     0.103    -0.037     0.118]
[1482587578][tid=10160]         [    1.028    41.596     0.000     0.000]
[1482587578][tid=10160] d3d9: VS const c68-c71
[1482587578][tid=10160]         [    0.333     1.000     0.000     1.000]
[1482587578][tid=10160]         [    0.333     1.000     0.000     2.000]
[1482587578][tid=10160]         [    0.125     0.000     0.000     0.000]
[1482587578][tid=10160]         [    1.000     2.000     4.000     8.000]
[1482587578][tid=10160] d3d9: VS const c72-c75
[1482587578][tid=10160]         [   -0.009    -0.004    -0.004    31.915]
[1482587578][tid=10160]         [    0.001     0.001    -0.004    -3.196]
[1482587578][tid=10160]         [    0.000     0.000     0.000     1.000]
[1482587578][tid=10160]         [    0.006     0.009     0.000   -39.616]
[1482587578][tid=10160] d3d9: VS const c76-c79
[1482587578][tid=10160]         [    0.008    -0.005    -0.003    -1.349]
[1482587578][tid=10160]         [   -0.001     0.001    -0.004     1.350]
[1482587578][tid=10160]         [    0.000     0.000     0.000     1.000]
[1482587578][tid=10160]         [   -0.015     0.001     0.000    29.486]
[1482587578][tid=10160] d3d9: VS const c80-c83
[1482587578][tid=10160]         [    0.001     0.012    -0.004   -34.595]
[1482587578][tid=10160]         [   -0.000    -0.001    -0.004     5.050]
[1482587578][tid=10160]         [    0.000     0.000     0.000     1.000]
[1482587578][tid=10160]         [    0.000     0.000     0.000     0.000]
[1482587578][tid=10160] d3d9: VS const c84-c87
[1482587578][tid=10160]         [    0.000     0.000     0.000     0.000]
[1482587578][tid=10160]         [    0.000     0.000     0.000     0.000]
[1482587578][tid=10160]         [    0.000     0.000     0.000     0.000]
[1482587578][tid=10160]         [    0.000     0.000     0.000     0.000]
[1482587578][tid=10160] d3d9: VS const c88-c91
[1482587578][tid=10160]         [    0.000     0.240     0.920    -0.756]
[1482587578][tid=10160]         [    0.000     0.000     0.000     0.000]
[1482587578][tid=10160]         [    0.000     0.000     0.000     0.000]
[1482587578][tid=10160]         [    0.000     0.000    -0.000     0.000]
[1482587578][tid=10160] d3d9: VS const c92-c95
[1482587578][tid=10160]         [   -0.000     0.000    -0.000     0.000]
[1482587578][tid=10160]         [   -0.000    -0.000    -0.000     0.000]
[1482587578][tid=10160]         [ 2112.000  2816.000    33.000    44.000]
[1482587578][tid=10160]         [    1.000     0.000     0.000     0.000]
[1482587578][tid=10160] d3d9: (3036769 SetVertexShaderConstantF calls so far)
[1482587625][tid=10160] stereo: separation -> 0.0058
[1482587812][tid=10160] stereo: separation -> 0.0087
[1482588000][tid=10160] stereo: separation -> 0.0130
[1482588140][tid=10160] stereo: separation -> 0.0195
[1482588296][tid=10160] stereo: separation -> 0.0293
[1482588453][tid=10160] stereo: separation -> 0.0439
[1482588593][tid=10160] stereo: separation -> 0.0658
[1482588796][tid=10160] stereo: separation -> 0.0439
[1482588937][tid=10160] stereo: separation -> 0.0293
[1482589093][tid=10160] stereo: separation -> 0.0195
[1482589250][tid=10160] stereo: separation -> 0.0130
[1482589406][tid=10160] stereo: separation -> 0.0087
[1482589687][tid=10160] stereo: separation -> 0.0058
[1482589968][tid=10160] stereo: separation -> 0.0039
[1482590296][tid=10160] stereo: separation -> 0.0026
[1482590718][tid=10160] stereo: separation -> 0.0017
[1482591187][tid=10160] stereo: separation -> 0.0011
[1482591593][tid=10160] stereo: eye mode -> left
[1482591921][tid=10160] stereo: eye mode -> right
[1482592125][tid=10160] stereo: eye mode -> wiggle
[1482592328][tid=10160] stereo: eye mode -> left
[1482592515][tid=10160] stereo: eye mode -> right
[1482592687][tid=10160] stereo: eye mode -> wiggle
[1482592828][tid=10160] stereo: eye mode -> left
[1482593000][tid=10160] stereo: eye mode -> right
[1482593171][tid=10160] stereo: eye mode -> wiggle
[1482593328][tid=10160] stereo: eye mode -> left
[1482593500][tid=10160] stereo: eye mode -> right
[1482593671][tid=10160] stereo: eye mode -> wiggle
[1482593796][tid=10160] d3d9: Present frame #3072 (device=0x0607C820)
[1482594375][tid=10160] stereo: eye mode -> left
[1482594562][tid=10160] stereo: eye mode -> right
[1482594718][tid=10160] stereo: eye mode -> wiggle
[1482594859][tid=10160] stereo: eye mode -> left
[1482595031][tid=10160] stereo: eye mode -> right
[1482595203][tid=10160] stereo: eye mode -> wiggle
[1482595359][tid=10160] stereo: eye mode -> left
[1482596281][tid=10160] stereo: rigid-view offsetting ON (experimental)
[1482596437][tid=10160] stereo: rigid-view offsetting off (experimental)
[1482596609][tid=10160] stereo: rigid-view offsetting ON (experimental)
[1482604718][tid=10160] d3d9: Present frame #3584 (device=0x0607C820)
[1482604984][tid=10160] stereo: frame 3600 enabled=1 mode=left sep=0.0011 | offset 24895 persp / 4484 rigid uploads since last report
[1482604984][tid=10160] stereo: last perspective viewproj at c28:
[1482604984][tid=10160]         [     -0.7196      -0.3881       0.0847    2666.7495]
[1482604984][tid=10160]         [     -0.2714       0.1241       1.2263     256.9142]
[1482604984][tid=10160]         [     -0.8970       0.4089       0.1686     829.1174]
[1482604984][tid=10160]         [     -0.8969       0.4089       0.1686     829.1345]
[1482604984][tid=10160] d3d9: >>> PROJECTION captured at c71 (upload-time):
[1482604984][tid=10160]         [    0.000     0.000     0.000     0.000]
[1482604984][tid=10160]         [    0.000     0.000     0.000     0.000]
[1482604984][tid=10160]         [    0.000     0.000     0.000     1.000]
[1482604984][tid=10160]         [    0.000     0.000     1.000     0.000]
[1482604984][tid=10160] d3d9: VS const c0-c3
[1482604984][tid=10160]         [    0.000     0.031     0.000     0.000]
[1482604984][tid=10160]         [   -0.031     0.000     0.000     0.000]
[1482604984][tid=10160]         [   -0.000     0.000    -0.001    -0.001]
[1482604984][tid=10160]         [    0.000     0.000     0.000     1.000]
[1482604984][tid=10160] d3d9: VS const c4-c7
[1482604984][tid=10160]         [    0.000     0.031     0.000   -83.002]
[1482604984][tid=10160]         [   -0.031     0.000     0.000    69.002]
[1482604984][tid=10160]         [   -0.000     0.000    -0.001     0.500]
[1482604984][tid=10160]         [    0.000     0.000     0.000     1.000]
[1482604984][tid=10160] d3d9: VS const c8-c11
[1482604984][tid=10160]         [    0.031     0.000     0.000     0.000]
[1482604984][tid=10160]         [    0.000     0.031     0.000     0.000]
[1482604984][tid=10160]         [    0.000     0.000    -0.001    -0.001]
[1482604984][tid=10160]         [    0.000     0.000     0.000     1.000]
[1482604984][tid=10160] d3d9: VS const c12-c15
[1482604984][tid=10160]         [    0.000     1.000     0.000 -2656.062]
[1482604984][tid=10160]         [   -1.000     0.000     0.000  2208.062]
[1482604984][tid=10160]         [    0.000     0.000     1.000 -1000.000]
[1482604984][tid=10160]         [    0.000     0.000     0.000     1.000]
[1482604984][tid=10160] d3d9: VS const c16-c19
[1482604984][tid=10160]         [   32.000    -0.000    -0.000    -0.000]
[1482604984][tid=10160]         [   -0.000    32.000    -0.000    -0.000]
[1482604984][tid=10160]         [   -0.000    -0.000 -2000.000    -1.000]
[1482604984][tid=10160]         [   -0.000    -0.000    -0.000     1.000]
[1482604984][tid=10160] d3d9: VS const c20-c23
[1482604984][tid=10160]         [   32.000    -0.000    -0.000    -0.000]
[1482604984][tid=10160]         [   -0.000    32.000    -0.000    -0.000]
[1482604984][tid=10160]         [   -0.000    -0.000    -1.000    -0.001]
[1482604984][tid=10160]         [   -0.000    -0.000    -0.000     1.000]
[1482604984][tid=10160] d3d9: VS const c24-c27
[1482604984][tid=10160]         [63201125759115407130624.000 1099695711978423204796432384.000     0.000 70366744579429447499776.000]
[1482604984][tid=10160]         [    0.000 18970231847635395000687770206208.000 72250738531929399309887340544.000 1125868057386059235852288.000]
[1482604984][tid=10160]         [    0.000 4195418304869532958720.000 18395217705825662410948608.000     0.000]
[1482604984][tid=10160]         [    0.000     0.000 65373915122779033078218096640.000 3924422819840.000]
[1482604984][tid=10160] d3d9: VS const c28-c31
[1482604984][tid=10160]         [70975379047470805811200.000     0.056     0.000 4360453760355481343808765952.000]
[1482604984][tid=10160]         [10383.349 74452204697981811917546427869298688.000 272451434315079745536.000     0.000]
[1482604984][tid=10160]         [18060180598154808198097272832.000     0.000     0.171     0.000]
[1482604984][tid=10160]         [303380650116376403252986293256192.000 68925243129226574585499702297362432.000 12119197261777922349334528.000     0.000]
[1482604984][tid=10160] d3d9: VS const c32-c35
[1482604984][tid=10160]         [-nan(ind) -nan(ind) -nan(ind) -nan(ind)]
[1482604984][tid=10160]         [-nan(ind) -nan(ind) -nan(ind) -nan(ind)]
[1482604984][tid=10160]         [-nan(ind) -nan(ind) -nan(ind) -nan(ind)]
[1482604984][tid=10160]         [    0.000     0.000     0.000     1.000]
[1482604984][tid=10160] d3d9: VS const c36-c39
[1482604984][tid=10160]         [    0.000    -1.000     0.000  2208.062]
[1482604984][tid=10160]         [    1.000     0.000     0.000  2656.062]
[1482604984][tid=10160]         [    0.000     0.000     1.000  1000.000]
[1482604984][tid=10160]         [    0.000     0.000     0.000     1.000]
[1482604984][tid=10160] d3d9: VS const c40-c43
[1482604984][tid=10160]         [    1.000  2001.000  2000.000     0.001]
[1482604984][tid=10160]         [275545681556448080822272.000     0.000 18060180598154808198097272832.000     0.000]
[1482604984][tid=10160]         [    0.056     0.000     0.000 807605436416.000]
[1482604984][tid=10160]         [  512.000   512.000     0.002     0.002]
[1482604984][tid=10160] d3d9: VS const c44-c47
[1482604984][tid=10160]         [4360453760355481343808765952.000 170120784.000 4306410925060962385920.000 4435350197625888737545158656.000]
[1482604984][tid=10160]         [ 2208.062  2656.062  1000.000     1.000]
[1482604984][tid=10160]         [    0.000     0.000    -1.000     0.000]
[1482604984][tid=10160]         [ 2208.062  2656.062    35.781     0.000]
[1482604984][tid=10160] d3d9: VS const c48-c51
[1482604984][tid=10160]         [17841139771612676250140672.000     0.000 198235726891493144523500945408.000 73983547330876090264149930541056.000]
[1482604984][tid=10160]         [18523599407626634374441598976.000     0.000     0.000     0.008]
[1482604984][tid=10160]         [274540031418830946304.000     0.000 1162840614043185781256749056.000 72249557940308681898583916544.000]
[1482604984][tid=10160]         [18523600588218255091852902400.000     0.057     0.000 1099582891691668397178748928.000]
[1482604984][tid=10160] d3d9: VS const c52-c55
[1482604984][tid=10160]         [303380650116376403252986293256192.000 68925243129226574585499702297362432.000 12119197261777922349334528.000     0.000]
[1482604984][tid=10160]         [    0.000     1.000     0.000     0.000]
[1482604984][tid=10160]         [   -1.000     0.000     0.000     0.000]
[1482604984][tid=10160]         [    2.000     2.000     2.828     1.732]
[1482604984][tid=10160] d3d9: VS const c56-c59
[1482604984][tid=10160]         [    1.000     0.004     0.000     0.000]
[1482604984][tid=10160]         [ 2000.000     7.812     0.031     0.000]
[1482604984][tid=10160]         [1099582891691668397178748928.000 72249586274507579116455198720.000     0.000     0.171]
[1482604984][tid=10160]         [    0.000     0.000     0.000     0.000]
[1482604984][tid=10160] d3d9: VS const c60-c63
[1482604984][tid=10160]         [    0.000     1.000    -0.000     0.000]
[1482604984][tid=10160]         [61319423486848676047804694528.000 17970888635347632128.000     0.000 18060180598154808198097272832.000]
[1482604984][tid=10160]         [-340282346638528859811704183484516925440.000 198235726891493144523500945408.000 73983547330876090264149930541056.000 18015654041000500856356864.000]
[1482604984][tid=10160]         [    0.000     0.000     0.008 18989602532156210964129120256.000]
[1482604984][tid=10160] d3d9: VS const c64-c67
[1482604984][tid=10160]         [12119197261777922349334528.000     0.000 12389741194859666554597933056.000     0.056]
[1482604984][tid=10160]         [    0.055     0.087     0.066    -0.104]
[1482604984][tid=10160]         [    0.101     0.022     0.066    -0.104]
[1482604984][tid=10160]         [    1.028    54.423     0.000     0.000]
[1482604984][tid=10160] d3d9: VS const c68-c71
[1482604984][tid=10160]         [    0.333     1.000     0.000     1.000]
[1482604984][tid=10160]         [    0.333     1.000     0.000     2.000]
[1482604984][tid=10160]         [    0.121     0.000     0.000     0.000]
[1482604984][tid=10160]         [    1.000     2.000     4.000     8.000]
[1482604984][tid=10160] d3d9: VS const c72-c75
[1482604984][tid=10160]         [   -0.009    -0.004    -0.004    32.310]
[1482604984][tid=10160]         [    0.001     0.001    -0.004    -3.223]
[1482604984][tid=10160]         [    0.000     0.000     0.000     1.000]
[1482604984][tid=10160]         [    0.006     0.009     0.000   -38.210]
[1482604984][tid=10160] d3d9: VS const c76-c79
[1482604984][tid=10160]         [    0.008    -0.005    -0.004    -3.016]
[1482604984][tid=10160]         [   -0.001     0.001    -0.004     1.498]
[1482604984][tid=10160]         [    0.000     0.000     0.000     1.000]
[1482604984][tid=10160]         [   -0.015     0.001     0.000    30.596]
[1482604984][tid=10160] d3d9: VS const c80-c83
[1482604984][tid=10160]         [    0.001     0.012    -0.004   -33.422]
[1482604984][tid=10160]         [   -0.000    -0.001    -0.004     4.735]
[1482604984][tid=10160]         [    0.000     0.000     0.000     1.000]
[1482604984][tid=10160]         [    0.000     0.000     0.000     0.000]
[1482604984][tid=10160] d3d9: VS const c84-c87
[1482604984][tid=10160]         [    0.000     0.000     0.000     0.000]
[1482604984][tid=10160]         [    0.000     0.000     0.000     0.000]
[1482604984][tid=10160]         [    0.000     0.000     0.000     0.000]
[1482604984][tid=10160]         [    0.000     0.000     0.000     0.000]
[1482604984][tid=10160] d3d9: VS const c88-c91
[1482604984][tid=10160]         [    0.000     0.240     0.920    33.433]
[1482604984][tid=10160]         [    0.000     0.000     0.000     0.000]
[1482604984][tid=10160]         [    0.000     0.000     0.000     0.000]
[1482604984][tid=10160]         [    0.000     0.000    -0.000     0.000]
[1482604984][tid=10160] d3d9: VS const c92-c95
[1482604984][tid=10160]         [   -0.000     0.000    -0.000     0.000]
[1482604984][tid=10160]         [   -0.000    -0.000    -0.000     0.000]
[1482604984][tid=10160]         [ 2176.000  2624.000    34.000    41.000]
[1482604984][tid=10160]         [    0.000     1.000     0.000     0.000]
[1482604984][tid=10160] d3d9: (5081539 SetVertexShaderConstantF calls so far)
